// Jest Snapshot v1, https://goo.gl/fbAQLP

exports[`HomeScreen component React Testing Library should show correctly 1`] = `
<div>
  <div>
    <h1>
      HomeScreen
    </h1>
    <hr />
    <pre>
      {
   "name": "Mario Castillo",
   "email": "mario@email.com"
}
    </pre>
  </div>
</div>
`;
